
> alton-studio@0.1.0 prebuild
> npm run build:knowledge


> alton-studio@0.1.0 build:knowledge
> node scripts/generate-knowledge.js

generated knowledge entries: 113

> alton-studio@0.1.0 build
> next build

node.exe : [baseline-browser-mapping] The data in this module is over two months old.  To ensure accurate Baseline data, please update: `npm i 
baseline-browser-mapping@latest -D`
At line:1 char:1
+ & "C:\Program Files\nodejs/node.exe" "C:\Program Files\nodejs/node_mo ...
+ ~~~~~~~~~~~~~~~~~~~~~~~~~~~~~~~~~~~~~~~~~~~~~~~~~~~~~~~~~~~~~~~~~~~~~
    + CategoryInfo          : NotSpecified: ([baseline-brows...ping@latest -D`:String) [], RemoteException
    + FullyQualifiedErrorId : NativeCommandError
 
   Γû▓ Next.js 16.0.3 (Turbopack)
   - Environments: .env.local

 ΓÜá The "middleware" file convention is deprecated. Please use "proxy" instead. Learn more: https://nextjs.org/docs/messages/middleware-to-proxy
   Creating an optimized production build ...
[baseline-browser-mapping] The data in this module is over two months old.  To ensure accurate Baseline data, please update: `npm i 
baseline-browser-mapping@latest -D`
 Γ£ô Compiled successfully in 28.9s
   Running TypeScript ...
Failed to compile.

./src/app/studio/page.tsx:1384:51
Type error: Expected 0 arguments, but got 1.

[0m [90m 1382 |[39m       [90m// Broadcast canvas changes to collaborators[39m
 [90m 1383 |[39m       [36mif[39m (isCollaborating) {
[31m[1m>[22m[39m[90m 1384 |[39m         broadcastCanvasChange(fabricCanvas[33m.[39mtoJSON([[32m'objects'[39m]))[33m;[39m
 [90m      |[39m                                                   [31m[1m^[22m[39m
 [90m 1385 |[39m       }
 [90m 1386 |[39m     })[33m;[39m
 [90m 1387 |[39m     [0m
Next.js build worker exited with code: 1 and signal: null
